2026-09-09T12:59:56.178151175Z [inf]  Starting Container
2026-09-09T12:59:56.947596185Z [inf]  
2026-09-09T12:59:56.947601825Z [inf]    .   ____          _            __ _ _
2026-09-09T12:59:56.947605815Z [inf]   /\\ / ___'_ __ _ _(_)_ __  __ _ \ \ \ \
2026-09-09T12:59:56.947608725Z [inf]  ( ( )\___ | '_ | '_| | '_ \/ _` | \ \ \ \
2026-09-09T12:59:56.947611755Z [inf]   \\/  ___)| |_)| | | | | || (_| |  ) ) ) )
2026-09-09T12:59:56.947615915Z [inf]    '  |____| .__|_| |_|_| |_\__, | / / / /
2026-09-09T12:59:56.947618515Z [inf]   =========|_|==============|___/=/_/_/_/
2026-09-09T12:59:56.947621035Z [inf]  
2026-09-09T12:59:56.947623335Z [inf]   :: Spring Boot ::               (v3.3.11)
2026-09-09T12:59:56.947625745Z [inf]  
2026-09-09T12:59:56.947628335Z [inf]  2026-09-09T12:59:56.872Z  INFO 1 --- [inventory] [           main] c.rnpc.inventory.InventoryApplication    : Starting InventoryApplication v0.0.1-SNAPSHOT using Java 21.0.2 with PID 1 (/app/target/inventory-0.0.1-SNAPSHOT.jar started by root in /app)
2026-09-09T12:59:56.947630685Z [inf]  2026-09-09T12:59:56.874Z  INFO 1 --- [inventory] [           main] c.rnpc.inventory.InventoryApplication    : No active profile set, falling back to 1 default profile: "default"
2026-09-09T12:59:58.130393301Z [inf]  2026-09-09T12:59:58.115Z  INFO 1 --- [inventory] [           main] .s.d.r.c.RepositoryConfigurationDelegate : Bootstrapping Spring Data JPA repositories in DEFAULT mode.
2026-09-09T12:59:58.274878716Z [inf]  2026-09-09T12:59:58.260Z  INFO 1 --- [inventory] [           main] .s.d.r.c.RepositoryConfigurationDelegate : Finished Spring Data repository scanning in 141 ms. Found 16 JPA repository interfaces.
2026-09-09T12:59:59.292876549Z [inf]  2026-09-09T12:59:59.280Z  INFO 1 --- [inventory] [           main] o.s.b.w.embedded.tomcat.TomcatWebServer  : Tomcat initialized with port 8080 (http)
2026-09-09T12:59:59.302514967Z [inf]  2026-09-09T12:59:59.299Z  INFO 1 --- [inventory] [           main] o.apache.catalina.core.StandardService   : Starting service [Tomcat]
2026-09-09T12:59:59.302520097Z [inf]  2026-09-09T12:59:59.300Z  INFO 1 --- [inventory] [           main] o.apache.catalina.core.StandardEngine    : Starting Servlet engine: [Apache Tomcat/10.1.40]
2026-09-09T12:59:59.321094808Z [inf]  2026-09-09T12:59:59.315Z  INFO 1 --- [inventory] [           main] o.a.c.c.C.[Tomcat].[localhost].[/]       : Initializing Spring embedded WebApplicationContext
2026-09-09T12:59:59.321099128Z [inf]  2026-09-09T12:59:59.315Z  INFO 1 --- [inventory] [           main] w.s.c.ServletWebServerApplicationContext : Root WebApplicationContext: initialization completed in 2403 ms
2026-09-09T12:59:59.777392590Z [inf]  2026-09-09T12:59:59.760Z  INFO 1 --- [inventory] [           main] o.hibernate.jpa.internal.util.LogHelper  : HHH000204: Processing PersistenceUnitInfo [name: default]
2026-09-09T12:59:59.812961493Z [inf]  2026-09-09T12:59:59.809Z  INFO 1 --- [inventory] [           main] org.hibernate.Version                    : HHH000412: Hibernate ORM core version 6.5.3.Final
2026-09-09T12:59:59.983382492Z [inf]  2026-09-09T12:59:59.898Z  INFO 1 --- [inventory] [           main] o.h.c.internal.RegionFactoryInitiator    : HHH000026: Second-level cache disabled
2026-09-09T13:00:00.366751283Z [inf]  2026-09-09T13:00:00.365Z  INFO 1 --- [inventory] [           main] o.s.o.j.p.SpringPersistenceUnitInfo      : No LoadTimeWeaver setup: ignoring JPA class transformer
2026-09-09T13:00:00.385130675Z [inf]  2026-09-09T13:00:00.381Z  INFO 1 --- [inventory] [           main] com.zaxxer.hikari.HikariDataSource       : HikariPool-1 - Starting...
2026-09-09T13:00:00.752149899Z [inf]  2026-09-09T13:00:00.719Z  INFO 1 --- [inventory] [           main] com.zaxxer.hikari.pool.HikariPool        : HikariPool-1 - Added connection com.mysql.cj.jdbc.ConnectionImpl@4b09d1c3
2026-09-09T13:00:00.752152518Z [inf]  2026-09-09T13:00:00.721Z  INFO 1 --- [inventory] [           main] com.zaxxer.hikari.HikariDataSource       : HikariPool-1 - Start completed.
2026-09-09T13:00:02.072903790Z [inf]  2026-09-09T13:00:02.009Z  INFO 1 --- [inventory] [           main] o.h.e.t.j.p.i.JtaPlatformInitiator       : HHH000489: No JTA platform available (set 'hibernate.transaction.jta.platform' to enable JTA platform integration)
2026-09-09T13:00:02.072908150Z [inf]  Hibernate: alter table rnpc_appointments modify column history TEXT
2026-09-09T13:00:02.072912300Z [inf]  Hibernate: alter table rnpc_appointments modify column issue_description TEXT not null
2026-09-09T13:00:02.080047196Z [inf]  Hibernate: alter table rnpc_appointments modify column item_description TEXT
2026-09-09T13:00:02.098419468Z [inf]  Hibernate: alter table rnpc_cellphone_parts modify column description TEXT
2026-09-09T13:00:02.098429008Z [inf]  Hibernate: alter table rnpc_clients modify column address TEXT
2026-09-09T13:00:02.107238112Z [inf]  Hibernate: alter table rnpc_cooler_parts modify column notes TEXT
2026-09-09T13:00:02.114586007Z [inf]  Hibernate: alter table rnpc_laptop_parts modify column description TEXT
2026-09-09T13:00:02.123333611Z [inf]  Hibernate: alter table rnpc_motherboard_parts modify column notable_features TEXT
2026-09-09T13:00:02.126659686Z [inf]  Hibernate: alter table rnpc_psu_parts modify column notes TEXT
2026-09-09T13:00:02.135545039Z [inf]  Hibernate: alter table rnpc_repair_records modify column fix TEXT
2026-09-09T13:00:02.138981324Z [inf]  Hibernate: alter table rnpc_repair_records modify column issue_description TEXT
2026-09-09T13:00:02.174427707Z [inf]  Hibernate: alter table rnpc_repair_records modify column recommendation TEXT
2026-09-09T13:00:02.174433007Z [inf]  Hibernate: alter table rnpc_repair_records modify column remarks TEXT
2026-09-09T13:00:02.174436777Z [inf]  Hibernate: alter table users modify column address TEXT
2026-09-09T13:00:02.247554358Z [inf]  2026-09-09T13:00:02.228Z  INFO 1 --- [inventory] [           main] j.LocalContainerEntityManagerFactoryBean : Initialized JPA EntityManagerFactory for persistence unit 'default'
2026-09-09T13:00:03.444705887Z [inf]  2026-09-09T13:00:03.417Z  WARN 1 --- [inventory] [           main] JpaBaseConfiguration$JpaWebConfiguration : spring.jpa.open-in-view is enabled by default. Therefore, database queries may be performed during view rendering. Explicitly configure spring.jpa.open-in-view to disable this warning
2026-09-09T13:00:03.482754191Z [inf]  2026-09-09T13:00:03.466Z  INFO 1 --- [inventory] [           main] eAuthenticationProviderManagerConfigurer : Global AuthenticationManager configured with AuthenticationProvider bean with name authenticationProvider
2026-09-09T13:00:03.482758281Z [inf]  2026-09-09T13:00:03.467Z  WARN 1 --- [inventory] [           main] r$InitializeUserDetailsManagerConfigurer : Global AuthenticationManager configured with an AuthenticationProvider bean. UserDetailsService beans will not be used for username/password login. Consider removing the AuthenticationProvider bean. Alternatively, consider using the UserDetailsService in a manually instantiated DaoAuthenticationProvider.
2026-09-09T13:00:03.618293164Z [inf]  2026-09-09T13:00:03.561Z  INFO 1 --- [inventory] [           main] o.s.b.a.w.s.WelcomePageHandlerMapping    : Adding welcome page: class path resource [static/index.html]
2026-09-09T13:00:04.448437400Z [inf]  2026-09-09T13:00:04.362Z  INFO 1 --- [inventory] [           main] o.s.b.w.embedded.tomcat.TomcatWebServer  : Tomcat started on port 8080 (http) with context path '/'
2026-09-09T13:00:04.448441110Z [inf]  2026-09-09T13:00:04.371Z  INFO 1 --- [inventory] [           main] c.rnpc.inventory.InventoryApplication    : Started InventoryApplication in 7.951 seconds (process running for 8.561)
2026-09-09T13:00:04.598783311Z [inf]  Hibernate: select u1_0.id from users u1_0 where u1_0.username=? limit ?
2026-09-09T13:00:04.602204275Z [inf]  Hibernate: select u1_0.id from users u1_0 where u1_0.username=? limit ?
2026-09-09T13:00:04.605787158Z [inf]  Demo users created:
2026-09-09T13:00:04.605791678Z [inf]  Admin: admin / 12345
2026-09-09T13:00:04.605794958Z [inf]  Customer: nand159 / 12345
2026-09-09T13:00:04.614739861Z [inf]  Hibernate: select u1_0.id,u1_0.address,u1_0.contact_number,u1_0.email,u1_0.full_name,u1_0.google_id,u1_0.password,u1_0.role,u1_0.username from users u1_0 where u1_0.email=?
2026-09-09T13:00:04.664613267Z [inf]  Hibernate: select u1_0.id,u1_0.address,u1_0.contact_number,u1_0.email,u1_0.full_name,u1_0.google_id,u1_0.password,u1_0.role,u1_0.username from users u1_0 where u1_0.id=?
2026-09-09T13:00:04.914151873Z [inf]  Hibernate: select count(*) from rnpc_gpu_parts gp1_0
2026-09-09T13:00:04.914171843Z [inf]  Hibernate: select count(*) from rnpc_cpu_parts cp1_0
2026-09-09T13:00:04.923361114Z [inf]  Hibernate: select count(*) from rnpc_motherboard_parts mp1_0
2026-09-09T13:00:04.923365614Z [inf]  Hibernate: select count(*) from rnpc_ram_parts rp1_0
2026-09-09T13:00:04.927072286Z [inf]  Hibernate: select count(*) from rnpc_storage_parts sp1_0
2026-09-09T13:00:04.930890637Z [inf]  Hibernate: select count(*) from rnpc_psu_parts pp1_0
2026-09-09T13:00:04.934849817Z [inf]  Hibernate: select count(*) from rnpc_case_parts cp1_0
2026-09-09T13:00:04.961721095Z [inf]  Hibernate: select count(*) from rnpc_cooler_parts cp1_0